

processing file: relatorio_prognostico.qmd
1/45                           
2/45 [setup]                   
3/45                           
4/45 [unnamed-chunk-1]         
5/45                           
6/45 [unnamed-chunk-2]         
7/45                           
8/45 [unnamed-chunk-3]         
9/45                           
10/45 [unnamed-chunk-4]         
11/45                           
12/45 [sample-size-explained]   
13/45                           
14/45 [unnamed-chunk-5]         
15/45                           
16/45 [article-linear]          
17/45                           
18/45 [unnamed-chunk-6]         
19/45                           
20/45 [article-logistic]        
21/45                           
22/45 [unnamed-chunk-7]         
23/45                           
24/45 [unnamed-chunk-8]         
25/45                           
26/45 [unnamed-chunk-9]         
27/45                           
28/45 [unnamed-chunk-10]        
29/45                           
30/45 [unnamed-chunk-11]        
31/45                           
32/45 [unnamed-chunk-12]        
33/45                           
34/45 [final-coef-table]        
35/45                           
36/45 [interpretation-table]    
37/45                           
38/45 [conformal-coverage-table]
39/45                           
40/45 [unnamed-chunk-13]        
41/45                           
42/45 [unnamed-chunk-14]        
43/45                           
44/45 [unnamed-chunk-15]        
45/45                           
output file: relatorio_prognostico.knit.md

pandoc 
  to: html
  output-file: relatorio_prognostico.html
  standalone: true
  self-contained: true
  section-divs: true
  html-math-method: mathjax
  wrap: none
  default-image-extension: png
  toc: true
  number-sections: true
  
metadata
  document-css: false
  link-citations: true
  date-format: long
  lang: pt-BR
  title: Desenvolvimento e avaliação interna de modelos de mudança radiográfica em seis meses na escoliose idiopática do adolescente
  author: Caio Vallio
  bibliography:
    - references_prognostico.bib
  
Output created: relatorio_prognostico.html

